// Jest Snapshot v1, https://goo.gl/fbAQLP

exports[`Test actions Items updateItem returns correct item object 1`] = `
Object {
  "data": Object {
    "Item 1": Object {
      "title": "Item 1",
      "values": Object {
        "abc": "xyz",
      },
    },
  },
  "type": "UPDATE_ITEMS",
}
`;

exports[`Test actions addAttribute action correctly created 1`] = `
Object {
  "data": "Name",
  "type": "ADD_ATTRIBUTE",
}
`;

exports[`Test actions updateLanguage action correctly created 1`] = `
Object {
  "data": "np",
  "type": "UPDATE_LANGUAGE",
}
`;
