// Jest Snapshot v1, https://goo.gl/fbAQLP

exports[`Test Overview Component Should render the content correctly 1`] = `
<body>
  <div>
    <div
      class="MuiBox-root MuiBox-root-2"
    >
      <p
        class="MuiTypography-root MuiTypography-body1"
      >
        This tool helps you choose one item from multiple items in three easy steps.
      </p>
      <ul>
        <li>
          List all items and its attributes based on which you will do comparision
        </li>
        <li>
          At first select any item you prefer based on your intusion
        </li>
        <li>
          Now compare the current prefered item with each item one at a time. In each comparasion choose one item you prefere and eliminate other until all items are compared
        </li>
        <li>
          Prefered item in the last comparision will be your choice
        </li>
      </ul>
    </div>
  </div>
</body>
`;
