// Jest Snapshot v1, https://goo.gl/fbAQLP

exports[`ComparisionGridPane Component When prefered item is selected and all comparision finished should show last prefered item as selection 1`] = `
<body>
  <div>
    <div
      class="MuiBox-root MuiBox-root-558 makeStyles-root-552"
      data-testid="root-content"
    >
      <div
        class="MuiGrid-root makeStyles-content-554 MuiGrid-container MuiGrid-spacing-xs-2"
      >
        <div
          class="MuiGrid-root MuiGrid-item MuiGrid-grid-xs-12"
        >
          <h5
            class="MuiTypography-root Component-root-662 MuiTypography-h5"
          >
            You have choosen "Item2"
          </h5>
        </div>
        <div
          class="MuiGrid-root makeStyles-attribute-555 MuiGrid-item MuiGrid-grid-xs-12 MuiGrid-grid-md-4"
        >
          <h6
            class="MuiTypography-root MuiTypography-subtitle1"
          >
            attr1
          </h6>
        </div>
        <div
          class="MuiGrid-root MuiGrid-item MuiGrid-grid-xs-6 MuiGrid-grid-md-8"
        >
          <p
            class="MuiTypography-root MuiTypography-body1"
          />
        </div>
        <div
          class="MuiGrid-root makeStyles-attribute-555 MuiGrid-item MuiGrid-grid-xs-12 MuiGrid-grid-md-4"
        >
          <h6
            class="MuiTypography-root MuiTypography-subtitle1"
          >
            attr2
          </h6>
        </div>
        <div
          class="MuiGrid-root MuiGrid-item MuiGrid-grid-xs-6 MuiGrid-grid-md-8"
        >
          <p
            class="MuiTypography-root MuiTypography-body1"
          >
            Item2-Value2
          </p>
        </div>
        <div
          class="MuiGrid-root makeStyles-attribute-555 MuiGrid-item MuiGrid-grid-xs-12 MuiGrid-grid-md-4"
        >
          <h6
            class="MuiTypography-root MuiTypography-subtitle1"
          >
            attr3
          </h6>
        </div>
        <div
          class="MuiGrid-root MuiGrid-item MuiGrid-grid-xs-6 MuiGrid-grid-md-8"
        >
          <p
            class="MuiTypography-root MuiTypography-body1"
          >
            Item2-Value3
          </p>
        </div>
      </div>
    </div>
  </div>
</body>
`;
